Dropping 5 env var(s) from host env with names invalid for docker compose: BASH_FUNC__module_raw%%, BASH_FUNC_ml%%, BASH_FUNC_module%%, BASH_FUNC_scl%%, BASH_FUNC_which%%
Trial fb-events-rag-self-improve__a4szW2E failed: Docker compose command failed for environment arams/fb-events-rag-self-improve. Command: docker compose --project-name fb-events-rag-self-improve__a4szw2e --project-directory /home/arams/ml-bench-template/fb-events-rag-self-improve/environment -f /home/arams/.local/share/uv/tools/codimango/lib/python3.12/site-packages/harbor/environments/docker/docker-compose-base.yaml -f /home/arams/.local/share/uv/tools/codimango/lib/python3.12/site-packages/harbor/environments/docker/docker-compose-build.yaml -f /tmp/tmpdk0z8j5u/docker-compose-mounts.json build. Return code: 1. Stdout:  Image fb-events-rag-self-improve__a4szw2e-main Building 
#1 [internal] load local bake definitions
#1 reading from stdin 857B done
#1 DONE 0.0s

#2 [internal] load build definition from Dockerfile
#2 transferring dockerfile: 2.02kB done
#2 DONE 0.0s

#3 [internal] load metadata for docker.io/library/python:3.10-slim
#3 DONE 0.0s

#4 [internal] load .dockerignore
#4 transferring context: 2B done
#4 DONE 0.0s

#5 [internal] load build context
#5 transferring context: 2B done
#5 DONE 0.1s

#6 [ 1/12] FROM docker.io/library/python:3.10-slim@sha256:c1e4e6c01eb489c422288b2de34b0761ca316f7a2d98e2c33f47659a73ed108a
#6 resolve docker.io/library/python:3.10-slim@sha256:c1e4e6c01eb489c422288b2de34b0761ca316f7a2d98e2c33f47659a73ed108a 0.0s done
#6 DONE 0.1s

#7 [ 5/12] RUN mkdir -p /app/data /app/references /output /tests /solution /logs/verifier
#7 CACHED

#8 [ 2/12] RUN apt-get update && apt-get install -y --no-install-recommends     git build-essential curl && rm -rf /var/lib/apt/lists/*
#8 CACHED

#9 [ 4/12] WORKDIR /app
#9 CACHED

#10 [ 3/12] RUN pip install --no-cache-dir     sentence-transformers==2.2.2     huggingface_hub==0.16.4     faiss-cpu==1.7.4     numpy==1.24.3     scikit-learn==1.3.0     pandas==2.0.3     pytest==7.4.0     pytest-json-report==1.5.0
#10 CACHED

#11 [ 6/12] COPY environment/references/ /app/references/
#11 ERROR: failed to calculate checksum of ref lhq17ffek019fh3ocpeoa8nmd::w58fy14y8rskapsk6ue39i9zl: "/environment/references": not found

#12 [ 7/12] COPY environment/references/ /references/
#12 ERROR: failed to calculate checksum of ref lhq17ffek019fh3ocpeoa8nmd::w58fy14y8rskapsk6ue39i9zl: "/environment/references": not found

#13 [ 8/12] RUN python3 /references/generate_events.py --n 20000 --seed 42 --out /app/data/events.jsonl
#13 CACHED

#14 [10/12] RUN python3 -c "from sentence_transformers import SentenceTransformer; m=SentenceTransformer('sentence-transformers/all-MiniLM-L6-v2'); m.save('/app/data/minilm')"
#14 CACHED

#15 [ 9/12] RUN python3 /references/generate_queries.py     --events /app/data/events.jsonl     --n 500 --seed 42     --out-queries /app/data/queries.jsonl     --out-rel /app/data/relevance.jsonl     --out-holdout-queries /app/data/holdout_queries.jsonl     --out-holdout-rel /app/data/holdout_relevance.jsonl     --holdout-n 100
#15 CACHED

#16 [12/12] COPY solution/ /solution/
#16 ERROR: failed to calculate checksum of ref lhq17ffek019fh3ocpeoa8nmd::w58fy14y8rskapsk6ue39i9zl: "/solution": not found

#17 [11/12] COPY tests/ /tests/
#17 ERROR: failed to calculate checksum of ref lhq17ffek019fh3ocpeoa8nmd::w58fy14y8rskapsk6ue39i9zl: "/tests": not found
------
 > [ 6/12] COPY environment/references/ /app/references/:
------
------
 > [ 7/12] COPY environment/references/ /references/:
------
------
 > [11/12] COPY tests/ /tests/:
------
------
 > [12/12] COPY solution/ /solution/:
------
Dockerfile:46

--------------------

  44 |     # Copy tests and solution placeholders (evaluator mounts them at /tests, /solution)

  45 |     COPY tests/ /tests/

  46 | >>> COPY solution/ /solution/

  47 |     

  48 |     ENV PYTHONHASHSEED=42

--------------------

failed to solve: failed to compute cache key: failed to calculate checksum of ref lhq17ffek019fh3ocpeoa8nmd::w58fy14y8rskapsk6ue39i9zl: "/solution": not found

. Stderr: None. 
Dropping 5 env var(s) from host env with names invalid for docker compose: BASH_FUNC__module_raw%%, BASH_FUNC_ml%%, BASH_FUNC_module%%, BASH_FUNC_scl%%, BASH_FUNC_which%%
Dropping 5 env var(s) from host env with names invalid for docker compose: BASH_FUNC__module_raw%%, BASH_FUNC_ml%%, BASH_FUNC_module%%, BASH_FUNC_scl%%, BASH_FUNC_which%%
Dropping 5 env var(s) from host env with names invalid for docker compose: BASH_FUNC__module_raw%%, BASH_FUNC_ml%%, BASH_FUNC_module%%, BASH_FUNC_scl%%, BASH_FUNC_which%%
Dropping 5 env var(s) from host env with names invalid for docker compose: BASH_FUNC__module_raw%%, BASH_FUNC_ml%%, BASH_FUNC_module%%, BASH_FUNC_scl%%, BASH_FUNC_which%%
Dropping 5 env var(s) from host env with names invalid for docker compose: BASH_FUNC__module_raw%%, BASH_FUNC_ml%%, BASH_FUNC_module%%, BASH_FUNC_scl%%, BASH_FUNC_which%%
Dropping 5 env var(s) from host env with names invalid for docker compose: BASH_FUNC__module_raw%%, BASH_FUNC_ml%%, BASH_FUNC_module%%, BASH_FUNC_scl%%, BASH_FUNC_which%%
Dropping 5 env var(s) from host env with names invalid for docker compose: BASH_FUNC__module_raw%%, BASH_FUNC_ml%%, BASH_FUNC_module%%, BASH_FUNC_scl%%, BASH_FUNC_which%%
Exception RuntimeError is not in include_exceptions, not retrying
Not retrying trial because the exception is not in include_exceptions or the maximum number of retries has been reached
